with CRA:
  1: |
    apiVersion: apps/v1
    kind: Deployment
    metadata:
      labels:
        app.kubernetes.io/instance: RELEASE-NAME
        app.kubernetes.io/managed-by: Helm
        app.kubernetes.io/name: snyk-broker-RELEASE-NAME
        helm.sh/chart: snyk-broker-0.0.0
      name: container-registry-agent-broker-RELEASE-NAME
      namespace: NAMESPACE
    spec:
      replicas: 1
      selector:
        matchLabels:
          app.kubernetes.io/instance: RELEASE-NAME
          app.kubernetes.io/name: snyk-broker-RELEASE-NAME
      template:
        metadata:
          labels:
            app.kubernetes.io/instance: RELEASE-NAME
            app.kubernetes.io/managed-by: Helm
            app.kubernetes.io/name: snyk-broker-RELEASE-NAME
            helm.sh/chart: snyk-broker-0.0.0
        spec:
          containers:
            - env:
                - name: BROKER_SERVER_URL
                  value: https://broker.test.snyk.io
                - name: BROKER_HEALTHCHECK_PATH
                  value: /healthcheck
                - name: BROKER_SYSTEMCHECK_PATH
                  value: /systemcheck
                - name: BROKER_TOKEN
                  valueFrom:
                    secretKeyRef:
                      key: container-registry-agent-broker-token-key
                      name: container-registry-agent-broker-token-RELEASE-NAME
                - name: CR_AGENT_URL
                  value: http://cra-service-RELEASE-NAME:8081
                - name: CR_TYPE
                  value: ecr
                - name: CR_ROLE_ARN
                  value: arn:aws-us-gov:iam::123456789012:role
                - name: CR_REGION
                  value: eu-west
                - name: CR_EXTERNAL_ID
                  value: 11111111-1111-1111-1111-111111111111
                - name: PORT
                  value: "8000"
                - name: BROKER_CLIENT_URL
                  value: http://container-registry-agent-broker-service-RELEASE-NAME:8000
                - name: BROKER_CLIENT_VALIDATION_URL
                  value: http://cra-service-RELEASE-NAME:8081/healthcheck
                - name: LOG_LEVEL
                  value: info
                - name: LOG_ENABLE_BODY
                  value: "false"
                - name: BROKER_DISPATCHER_BASE_URL
                  value: https://api.test.snyk.io
              image: snyk/broker:container-registry-agent
              imagePullPolicy: Always
              livenessProbe:
                failureThreshold: 3
                httpGet:
                  path: /healthcheck
                  port: 8000
                  scheme: HTTP
                initialDelaySeconds: 3
                periodSeconds: 10
                timeoutSeconds: 1
              name: container-registry-agent-broker-RELEASE-NAME
              ports:
                - containerPort: 8000
                  name: http
              readinessProbe:
                failureThreshold: 3
                httpGet:
                  path: /healthcheck
                  port: 8000
                  scheme: HTTP
                initialDelaySeconds: 3
                periodSeconds: 10
                timeoutSeconds: 1
              resources:
                limits:
                  cpu: 1
                  memory: 256Mi
                requests:
                  cpu: 1
                  memory: 256Mi
              securityContext:
                allowPrivilegeEscalation: false
                capabilities:
                  drop:
                    - ALL
                readOnlyRootFilesystem: true
                runAsNonRoot: true
                runAsUser: 1000
              volumeMounts: null
          securityContext: {}
          serviceAccountName: snyk-broker-RELEASE-NAME
          volumes: null
  2: |
    apiVersion: v1
    kind: Service
    metadata:
      labels:
        app.kubernetes.io/instance: RELEASE-NAME
        app.kubernetes.io/managed-by: Helm
        app.kubernetes.io/name: snyk-broker-RELEASE-NAME
        helm.sh/chart: snyk-broker-0.0.0
      name: container-registry-agent-broker-service-RELEASE-NAME
      namespace: NAMESPACE
    spec:
      ports:
        - port: 8000
          targetPort: 8000
      selector:
        app.kubernetes.io/instance: RELEASE-NAME
        app.kubernetes.io/name: snyk-broker-RELEASE-NAME
      type: ClusterIP
  3: |
    apiVersion: v1
    data:
      container-registry-agent-broker-token-key: MTIzNDVhNmItNzhkOS0xZTJmLTNhYmMtNDU2ZGVmNzg5MTIz
    kind: Secret
    metadata:
      name: container-registry-agent-broker-token-RELEASE-NAME
    type: Opaque
  4: |
    apiVersion: v1
    data:
      snyk-token-key: MTIzNDVhNmItNzhkOS0xZTJmLTNhYmMtNDU2ZGVmNzg5MTIz
    kind: Secret
    metadata:
      name: snyk-token-RELEASE-NAME
    type: Opaque
  5: |
    apiVersion: v1
    kind: ServiceAccount
    metadata:
      labels:
        app.kubernetes.io/instance: RELEASE-NAME
        app.kubernetes.io/managed-by: Helm
        app.kubernetes.io/name: snyk-broker-RELEASE-NAME
        helm.sh/chart: snyk-broker-0.0.0
      name: snyk-broker-RELEASE-NAME
      namespace: NAMESPACE
